scamper-snapshots v1
name ci-smoke
@tick 0 22
................................................................................
................................................................................
....                                                                        ....
....                                                                        ....
....                                                                        ....
....                                                                        ....
....                                                                        ....
....                                                                        ....
....                                                                        ....
....                                                                        ....
....                                                                        ....
....                                                                        ....
....                                                                        ....
....                                                                        ....
....                 __                                                     ....
....     |         (( o==@                                                  ....
....     |         (\_)                                                     ....
....     /___________\                                                      ....
....     \___________/                                                      ....
....      w        w                                                        ....
................................................................................
................................................................................
@tick 30 22
................................................................................
................................................................................
....                                                                        ....
....                                                                        ....
....                                                                        ....
....                                                                        ....
....                                                                        ....
....                                                                        ....
....                                                                        ....
....                                                                        ....
....                                                                        ....
....                                                                        ....
....                                                                        ....
....                                                                        ....
....                  __                                                    ....
....      \         (( o==@                                                 ....
....      |         (\_)                                                    ....
....      /____________\                                                    ....
....      \____________/                                                    ....
....       n  n     n  n                                                    ....
................................................................................
................................................................................
@tick 60 22
................................................................................
................................................................................
....                                                                        ....
....                                                                        ....
....                                                                        ....
....                                                                        ....
....                                                                        ....
....                                                                        ....
....                                                                        ....
....                                                                        ....
....                                                                        ....
....                                                                        ....
....                                                                        ....
....                                                                        ....
....                                    __                                  ....
....                        /         (( o==@                               ....
....                        |         (\_)                                  ....
....                        /____________\                                  ....
....                        \____________/                                  ....
....                          n  n      n  n                                ....
................................................................................
................................................................................
@tick 90 22
................................................................................
................................................................................
....                                                                        ....
....                                                                        ....
....                                                                        ....
....                                                                        ....
....                                                                        ....
....                                                                        ....
....                                                            \(  )/      ....
....                                                   |         (( o==@    ....
....                                                   |         (\_)       ....
....                                                   /___________\        ....
....                                                   \___________/        ....
....                                                    u        u          ....
....                                                                        ....
....                                                                        ....
....                                                                        ....
....                                                                        ....
....                                                                        ....
....                                                                        ....
................................................................................
................................................................................
@tick 120 22
................................................................................
................................................................................
....                                                                        ....
....                                                                        ....
....                                                                        ....
....                                                                        ....
....                                                                        ....
....                                                                        ....
....                                                                        ....
....                                                                        ....
....                                                                        ....
....                                                                        ....
....                                                                        ....
....                                                                        ....
....                                                                        ....
....                                                                        ....
....                                                   __                   ....
....                                        |    ___(( o==@                 ....
....                                        |       (\_)                    ....
....                                           w  w    n  n                 ....
.................................................._..._.........................
.................................................(_).(_)........................
@tick 150 22
................................................................................
................................................................................
....                                                                        ....
....                                                                        ....
....                                                                        ....
....                                                                        ....
....                                                                        ....
....                                                                        ....
....                                                                        ....
....                                                                        ....
....                                                                        ....
....                                                                        ....
....                                                                        ....
....                                                                        ....
....                                                      __                ....
....                                          \         (( -==@             ....
....                                          |         (\_)                ....
....                                          /____________\                ....
....                                          \____________/                ....
....                                           n  n      n  n               ....
................................................................................
................................................................................
@tick 158 22
................................................................................
................................................................................
....                                                                        ....
....                                                                        ....
....                                                                        ....
....                                                                        ....
....                                                                        ....
....                                                                        ....
....                                                                        ....
....                                                                        ....
....                                                                        ....
....                                                                        ....
....                                                                        ....
....                                                                        ....
....                                                      __                ....
....                                          \         (( o==@             ....
....                                          |         (\_)                ....
....                                          /____________\                ....
....                                          \____________/                ....
....                                           n  n      n  n               ....
................................................................................
................................................................................
